<html>
<body>
<pre>
<h1>µVision Build Log</h1>
<h2>Tool Versions:</h2>
IDE-Version: µVision V5.34.0.0
Copyright (C) 2021 ARM Ltd and ARM Germany GmbH. All rights reserved.
License Information: Adebola Gbiri, Home Office, LIC=----
 
Tool Versions:
Toolchain:       MDK-Lite  Version: 5.34.0.0
Toolchain Path:  C:\Keil_v5\ARM\ARMCC\Bin
C Compiler:      Armcc.exe V5.06 update 7 (build 960)
Assembler:       Armasm.exe V5.06 update 7 (build 960)
Linker/Locator:  ArmLink.exe V5.06 update 7 (build 960)
Library Manager: ArmAr.exe V5.06 update 7 (build 960)
Hex Converter:   FromElf.exe V5.06 update 7 (build 960)
CPU DLL:         SARMCM3.DLL V5.34.0.0
Dialog DLL:      DCM.DLL V1.17.3.0
Target DLL:      lmidk-agdi.dll V???
Dialog DLL:      TCM.DLL V1.48.0.0
 
<h2>Project:</h2>
C:\Users\admin\Downloads\Lab15_LightSensor_part3 (update)\Lab15_LightSensor_part3\LightSensor.uvproj
Project File Date:  05/19/2021

<h2>Output:</h2>
*** Using Compiler 'V5.06 update 7 (build 960)', folder: 'C:\Keil_v5\ARM\ARMCC\Bin'
Rebuild target 'LightSensorLab_part3'
assembling startup.s...
compiling ADC.c...
compiling Main.c...
compiling UART.c...
compiling Init.c...
linking...
Program Size: Code=5344 RO-data=32 RW-data=20 ZI-data=1140  
".\LightSensor.axf" - 0 Error(s), 0 Warning(s).
Build Time Elapsed:  00:00:03
</pre>
</body>
</html>
